<html>
<body>
<pre>
<h1>µVision Build Log</h1>
<h2>Tool Versions:</h2>
IDE-Version: µVision V5.34.0.0
Copyright (C) 2021 ARM Ltd and ARM Germany GmbH. All rights reserved.
License Information: shubham sr, iktss, LIC=50D7S-LNPSD-BXBUY-IDW9B-TH5ED-0T8KE
 
Tool Versions:
Toolchain:       MDK-ARM Professional  Version: 5.34.0.0
Toolchain Path:  C:\Keil_v5\ARM\ARMCLANG\Bin
C Compiler:      ArmClang.exe V6.16
Assembler:       Armasm.exe V6.16
Linker/Locator:  ArmLink.exe V6.16
Library Manager: ArmAr.exe V6.16
Hex Converter:   FromElf.exe V6.16
CPU DLL:         SARMCM3.DLL V5.34.0.0
Dialog DLL:      DCM3 .DLL
Target DLL:      STLink\ST-LINKIII-KEIL_SWO.dll V3.0.8.0
Dialog DLL:      TCM.DLL V1.48.0.0
 
<h2>Project:</h2>
C:\Users\shubham\Desktop\project codes\CODE_PROTOTYPE_TESTED_OK\program.uvprojx
Project File Date:  06/16/2022

<h2>Output:</h2>
*** Using Compiler 'V6.16', folder: 'C:\Keil_v5\ARM\ARMCLANG\Bin'
Rebuild target 'Target 1'
compiling main.c...
assembling startup_stm32f10x_md.s...
f103_gpio.c(40): warning: implicit conversion changes signedness: 'int' to 'unsigned int' [-Wsign-conversion]
                        GPIOA_PCLK_DI();
                        ^~~~~~~~~~~~~~~
../CODE_PROTOTYPE_TESTED_OK/stm32f103xx.h(140): note: expanded from macro 'GPIOA_PCLK_DI'
#define GPIOA_PCLK_DI()         (RCC->APB2ENR &=  ~(1<<2))
                                              ~~  ^~~~~~~
f103_gpio.c(44): warning: implicit conversion changes signedness: 'int' to 'unsigned int' [-Wsign-conversion]
                        GPIOB_PCLK_DI();
                        ^~~~~~~~~~~~~~~
../CODE_PROTOTYPE_TESTED_OK/stm32f103xx.h(141): note: expanded from macro 'GPIOB_PCLK_DI'
#define GPIOB_PCLK_DI()         (RCC->APB2ENR &=  ~(1<<3))
                                              ~~  ^~~~~~~
f103_gpio.c(48): warning: implicit conversion changes signedness: 'int' to 'unsigned int' [-Wsign-conversion]
                        GPIOC_PCLK_DI();
                        ^~~~~~~~~~~~~~~
../CODE_PROTOTYPE_TESTED_OK/stm32f103xx.h(142): note: expanded from macro 'GPIOC_PCLK_DI'
#define GPIOC_PCLK_DI()         (RCC->APB2ENR &=  ~(1<<4))
                                              ~~  ^~~~~~~
f103_gpio.c(52): warning: implicit conversion changes signedness: 'int' to 'unsigned int' [-Wsign-conversion]
                        GPIOD_PCLK_DI();
                        ^~~~~~~~~~~~~~~
../CODE_PROTOTYPE_TESTED_OK/stm32f103xx.h(143): note: expanded from macro 'GPIOD_PCLK_DI'
#define GPIOD_PCLK_DI()         (RCC->APB2ENR &=  ~(1<<5))
                                              ~~  ^~~~~~~
f103_gpio.c(56): warning: implicit conversion changes signedness: 'int' to 'unsigned int' [-Wsign-conversion]
                        GPIOE_PCLK_DI();
                        ^~~~~~~~~~~~~~~
../CODE_PROTOTYPE_TESTED_OK/stm32f103xx.h(144): note: expanded from macro 'GPIOE_PCLK_DI'
#define GPIOE_PCLK_DI()         (RCC->APB2ENR &=  ~(1<<6))
                                              ~~  ^~~~~~~
f103_gpio.c(72): warning: implicit conversion changes signedness: 'int' to 'unsigned int' [-Wsign-conversion]
                pGPIO_handle->pGPIOx->CRH &=    ~(0xf<<(4*(pGPIO_handle->gpio_pinconfig.pin_no -8)));
                                          ~~    ^~~~~~~~~~~~~~~~~~~~~~~~~~~~~~~~~~~~~~~~~~~~~~~~~~~~
f103_gpio.c(82): warning: implicit conversion changes signedness: 'int' to 'unsigned int' [-Wsign-conversion]
                pGPIO_handle->pGPIOx->CRH &=    ~(0xf <<(4*pGPIO_handle->gpio_pinconfig.pin_no));
                                          ~~    ^~~~~~~~~~~~~~~~~~~~~~~~~~~~~~~~~~~~~~~~~~~~~~~~
7 warnings generated.
compiling f103_gpio.c...
RTE/Device/STM32F103C8/system_stm32f10x.c(166): warning: no previous extern declaration for non-static variable 'AHBPrescTable' [-Wmissing-variable-declarations]
__I uint8_t AHBPrescTable[16] = {0, 0, 0, 0, 0, 0, 0, 0, 1, 2, 3, 4, 6, 7, 8, 9};
            ^
RTE/Device/STM32F103C8/system_stm32f10x.c(166): note: declare 'static' if the variable is not intended to be used outside of this translation unit
__I uint8_t AHBPrescTable[16] = {0, 0, 0, 0, 0, 0, 0, 0, 1, 2, 3, 4, 6, 7, 8, 9};
    ^
1 warning generated.
compiling system_stm32f10x.c...
linking...
Program Size: Code=1496 RO-data=252 RW-data=0 ZI-data=1632  
FromELF: creating hex file...
".\Objects\program.axf" - 0 Error(s), 8 Warning(s).

<h2>Software Packages used:</h2>

Package Vendor: ARM
                http://www.keil.com/pack/ARM.CMSIS.5.9.0.pack
                ARM.CMSIS.5.9.0
                CMSIS (Common Microcontroller Software Interface Standard)
   * Component: CORE Version: 5.6.0

Package Vendor: Keil
                http://www.keil.com/pack/Keil.STM32F1xx_DFP.2.4.0.pack
                Keil.STM32F1xx_DFP.2.4.0
                STMicroelectronics STM32F1 Series Device Support, Drivers and Examples
   * Component: Startup Version: 1.0.0

<h2>Collection of Component include folders:</h2>
  .\RTE\Device\STM32F103C8
  .\RTE\_Target_1
  C:\Users\shubham\AppData\Local\Arm\Packs\ARM\CMSIS\5.9.0\CMSIS\Core\Include
  C:\Users\shubham\AppData\Local\Arm\Packs\Keil\STM32F1xx_DFP\2.4.0\Device\Include

<h2>Collection of Component Files used:</h2>

   * Component: ARM::CMSIS:CORE:5.6.0

   * Component: Keil::Device:Startup:1.0.0
      Source file:   Device\Source\ARM\STM32F1xx_OPT.s
      Source file:   Device\Source\ARM\startup_stm32f10x_md.s
      Source file:   Device\Source\system_stm32f10x.c
      Include file:  RTE_Driver\Config\RTE_Device.h
Build Time Elapsed:  00:00:02
</pre>
</body>
</html>
