../drivers/Src/f401_i2c.c:19:13:i2c_start	16	static
../drivers/Src/f401_i2c.c:24:13:address_phase_write	16	static
../drivers/Src/f401_i2c.c:31:13:address_phase_read	16	static
../drivers/Src/f401_i2c.c:40:13:clear_addr_flag	32	static
../drivers/Src/f401_i2c.c:79:6:i2c_clockcontrol	16	static
../drivers/Src/f401_i2c.c:117:6:i2c_init	24	static
../drivers/Src/f401_i2c.c:181:6:i2c_deinit	16	static
../drivers/Src/f401_i2c.c:197:9:i2c_flagstatus	16	static
../drivers/Src/f401_i2c.c:206:6:i2c_manage_ack	16	static
../drivers/Src/f401_i2c.c:220:6:i2c_master_senddata	24	static
../drivers/Src/f401_i2c.c:263:6:i2c_master_receivedata	32	static
../drivers/Src/f401_i2c.c:338:6:i2c_peri_ctrl	16	static
../drivers/Src/f401_i2c.c:350:6:i2c_irqconfig	16	static
../drivers/Src/f401_i2c.c:382:6:i2c_irqpriority	24	static
../drivers/Src/f401_i2c.c:391:9:i2c_senddatait	32	static
../drivers/Src/f401_i2c.c:421:9:i2c_receivedatait	32	static
../drivers/Src/f401_i2c.c:450:13:i2c_masterhandle_txeinterrupt	16	static
../drivers/Src/f401_i2c.c:459:13:i2c_masterhandle_rxneinterrupt	16	static
../drivers/Src/f401_i2c.c:489:6:i2c_slave_senddata	16	static
../drivers/Src/f401_i2c.c:495:9:i2c_slave_receivedata	16	static
../drivers/Src/f401_i2c.c:499:6:i2c_ev_irqhnadling	32	static
../drivers/Src/f401_i2c.c:612:6:i2c_err_irqhnadling	24	static
../drivers/Src/f401_i2c.c:684:6:i2c_close_receivedata	16	static
../drivers/Src/f401_i2c.c:698:6:i2c_close_senddata	16	static
../drivers/Src/f401_i2c.c:709:6:i2c_stop	16	static
../drivers/Src/f401_i2c.c:714:6:i2c_slave_enordi_callback	16	static
