../drivers/Src/f401_spi.c:13:6:spi_clockcontrol	16	static
../drivers/Src/f401_spi.c:56:6:spi_init	24	static
../drivers/Src/f401_spi.c:97:6:spi_deinit	16	static
../drivers/Src/f401_spi.c:118:6:spi_peri_ctrl	16	static
../drivers/Src/f401_spi.c:130:6:spi_ssiconfig	16	static
../drivers/Src/f401_spi.c:143:6:spi_ssoeconfig	16	static
../drivers/Src/f401_spi.c:155:6:spi_send	24	static
../drivers/Src/f401_spi.c:176:6:spi_receive	24	static
../drivers/Src/f401_spi.c:197:9:spi_flagstatus	16	static
../drivers/Src/f401_spi.c:206:6:spi_irqconfig	16	static
../drivers/Src/f401_spi.c:241:6:spi_irqpriority	24	static
../drivers/Src/f401_spi.c:251:9:spi_send_it	32	static
../drivers/Src/f401_spi.c:263:9:spi_receive_it	32	static
../drivers/Src/f401_spi.c:277:6:spi_irqhandle	24	static
../drivers/Src/f401_spi.c:302:13:spi_tx_interrupt_handle	16	static
../drivers/Src/f401_spi.c:323:13:spi_rx_interrupt_handle	16	static
../drivers/Src/f401_spi.c:343:13:spi_ovr_interrupt_handle	24	static
../drivers/Src/f401_spi.c:356:6:spi_clear_ovr_flag	24	static
../drivers/Src/f401_spi.c:363:6:spi_close_transmission	16	static
../drivers/Src/f401_spi.c:371:6:spi_close_reception	16	static
../drivers/Src/f401_spi.c:380:13:spi_event_callback	16	static
